Close target=DomePlayer
RunApp command=C:\Users\user\Documents\iPlayer3_control\play_blue.bat,workdir=C:\Users\user\Documents\iPlayer3_control
VolumeBGM volume=1,duration=4,waitfinish=0
LoadBGM fileName=_Planetarium Shows/Intro_material/dokapi-tales_from_the_silver_coast_02-polar_lights.mp3,loop=1,volume=0.08
VolumeBGM volume=0,duration=2
CloseBGM
RunApp command=C:\Users\user\Documents\iPlayer3_control\play_intro.bat,workdir=C:\Users\user\Documents\iPlayer3_control
LoadBGM fileName=C:/Users/user/Desktop/Planetarium Shows/show_automation_material/Noble_intro_cattle.wav,volume=0.4
CloseBGM
Load fileName=_Planetarium Shows/OurSolarSystem/Noble Credits_2k.png,target=DomePlayer,transitionType=crossFade,transitionDuration=1
Load fileName=C:/Users/user/Desktop/Planetarium Shows/_Planetarium Shows/Cattle/Cattle.mp4,target=DomePlayer,transitionType=crossFade,transitionDuration=1
Close target=DomePlayer
RunApp command=C:\Users\user\Documents\iPlayer3_control\play_outro.bat,workdir=C:\Users\user\Documents\iPlayer3_control
LoadBGM fileName=_Planetarium Shows/Intro_material/Noble_outro_audio.mp3,volume=0.42
JumpInPlaylist index=0
